Last update: Wed May 13 20:16:54 UTC 2026
Last update: Wed May 13 22:58:01 UTC 2026
Last update: Thu May 14 02:15:36 UTC 2026
Last update: Thu May 14 06:40:58 UTC 2026
Last update: Thu May 14 10:06:40 UTC 2026
Last update: Thu May 14 13:47:38 UTC 2026
Last update: Thu May 14 16:06:06 UTC 2026
Last update: Thu May 14 19:28:37 UTC 2026
Last update: Thu May 14 21:03:24 UTC 2026
Last update: Thu May 14 22:49:30 UTC 2026
Last update: Fri May 15 02:13:46 UTC 2026
Last update: Fri May 15 06:50:18 UTC 2026
Last update: Fri May 15 10:13:33 UTC 2026
Last update: Fri May 15 13:44:44 UTC 2026
Last update: Fri May 15 15:57:19 UTC 2026
Last update: Fri May 15 17:25:27 UTC 2026
Last update: Fri May 15 19:18:23 UTC 2026
Last update: Fri May 15 20:52:25 UTC 2026
Last update: Fri May 15 22:44:28 UTC 2026
Last update: Sat May 16 02:05:43 UTC 2026
Last update: Sat May 16 06:15:55 UTC 2026
Last update: Sat May 16 09:22:10 UTC 2026
Last update: Sat May 16 10:55:50 UTC 2026
Last update: Sat May 16 13:00:19 UTC 2026
Last update: Sat May 16 14:47:57 UTC 2026
Last update: Sat May 16 16:47:04 UTC 2026
Last update: Sat May 16 18:52:07 UTC 2026
Last update: Sat May 16 20:38:52 UTC 2026
Last update: Sat May 16 22:37:00 UTC 2026
Last update: Sun May 17 02:09:51 UTC 2026
Last update: Sun May 17 06:39:47 UTC 2026
Last update: Sun May 17 09:28:02 UTC 2026
Last update: Sun May 17 10:59:04 UTC 2026
Last update: Sun May 17 12:58:54 UTC 2026
Last update: Sun May 17 14:49:13 UTC 2026
Last update: Sun May 17 16:47:26 UTC 2026
Last update: Sun May 17 18:55:14 UTC 2026
Last update: Sun May 17 20:39:47 UTC 2026
Last update: Sun May 17 22:44:08 UTC 2026
Last update: Mon May 18 02:30:50 UTC 2026
Last update: Mon May 18 07:55:26 UTC 2026
Last update: Mon May 18 11:38:41 UTC 2026
Last update: Mon May 18 14:55:07 UTC 2026
Last update: Mon May 18 17:53:17 UTC 2026
Last update: Mon May 18 19:26:00 UTC 2026
Last update: Mon May 18 21:02:53 UTC 2026
Last update: Mon May 18 22:50:42 UTC 2026
Last update: Tue May 19 02:29:57 UTC 2026
Last update: Tue May 19 07:37:13 UTC 2026
Last update: Tue May 19 10:54:15 UTC 2026
Last update: Tue May 19 14:38:55 UTC 2026
Last update: Tue May 19 17:57:48 UTC 2026
Last update: Tue May 19 19:50:25 UTC 2026
Last update: Tue May 19 21:12:26 UTC 2026
Last update: Tue May 19 22:57:16 UTC 2026
Last update: Wed May 20 02:29:59 UTC 2026
Last update: Wed May 20 07:36:01 UTC 2026
Last update: Wed May 20 10:42:29 UTC 2026
Last update: Wed May 20 14:38:17 UTC 2026
Last update: Wed May 20 18:12:46 UTC 2026
Last update: Wed May 20 18:13:18 UTC 2026
Last update: Wed May 20 21:43:39 UTC 2026
Last update: Wed May 20 23:05:21 UTC 2026
Last update: Thu May 21 02:30:30 UTC 2026
Last update: Thu May 21 07:42:21 UTC 2026
Last update: Thu May 21 10:59:10 UTC 2026
Last update: Thu May 21 14:43:49 UTC 2026
Last update: Thu May 21 17:50:37 UTC 2026
Last update: Thu May 21 19:44:00 UTC 2026
Last update: Thu May 21 21:22:05 UTC 2026
Last update: Thu May 21 22:58:04 UTC 2026
Last update: Fri May 22 02:32:17 UTC 2026
Last update: Fri May 22 07:36:39 UTC 2026
Last update: Fri May 22 10:42:34 UTC 2026
Last update: Fri May 22 14:19:07 UTC 2026
Last update: Fri May 22 17:45:09 UTC 2026
Last update: Fri May 22 19:23:47 UTC 2026
Last update: Fri May 22 21:03:33 UTC 2026
Last update: Fri May 22 22:50:58 UTC 2026
Last update: Sat May 23 02:09:02 UTC 2026
Last update: Sat May 23 06:28:45 UTC 2026
Last update: Sat May 23 09:44:13 UTC 2026
Last update: Sat May 23 11:04:37 UTC 2026
Last update: Sat May 23 13:03:07 UTC 2026
Last update: Sat May 23 14:54:04 UTC 2026
Last update: Sat May 23 16:51:35 UTC 2026
Last update: Sat May 23 18:57:13 UTC 2026
Last update: Sat May 23 20:39:11 UTC 2026
Last update: Sat May 23 22:43:14 UTC 2026
Last update: Sun May 24 02:27:53 UTC 2026
Last update: Sun May 24 06:54:00 UTC 2026
Last update: Sun May 24 09:48:10 UTC 2026
Last update: Sun May 24 11:08:13 UTC 2026
Last update: Sun May 24 13:02:25 UTC 2026
Last update: Sun May 24 14:56:03 UTC 2026
Last update: Sun May 24 16:53:02 UTC 2026
Last update: Sun May 24 19:03:38 UTC 2026
Last update: Sun May 24 20:43:15 UTC 2026
Last update: Sun May 24 22:48:44 UTC 2026
Last update: Mon May 25 02:35:42 UTC 2026
Last update: Mon May 25 08:12:19 UTC 2026
Last update: Mon May 25 12:56:28 UTC 2026
Last update: Mon May 25 16:15:35 UTC 2026
Last update: Mon May 25 19:16:23 UTC 2026
Last update: Mon May 25 20:57:32 UTC 2026
Last update: Mon May 25 22:51:48 UTC 2026
Last update: Tue May 26 02:26:29 UTC 2026
Last update: Tue May 26 07:36:53 UTC 2026
Last update: Tue May 26 14:46:54 UTC 2026
Last update: Tue May 26 18:17:32 UTC 2026
Last update: Tue May 26 21:29:00 UTC 2026
Last update: Tue May 26 23:01:28 UTC 2026
Last update: Wed May 27 02:35:48 UTC 2026
Last update: Wed May 27 07:56:25 UTC 2026
Last update: Wed May 27 11:33:43 UTC 2026
Last update: Wed May 27 14:56:50 UTC 2026
Last update: Wed May 27 18:20:15 UTC 2026
Last update: Wed May 27 21:46:45 UTC 2026
Last update: Wed May 27 23:10:44 UTC 2026
Last update: Thu May 28 02:11:51 UTC 2026
Last update: Thu May 28 07:49:07 UTC 2026
Last update: Thu May 28 11:29:44 UTC 2026
Last update: Thu May 28 15:30:22 UTC 2026
Last update: Thu May 28 18:30:41 UTC 2026
Last update: Thu May 28 21:49:48 UTC 2026
Last update: Thu May 28 23:07:45 UTC 2026
Last update: Fri May 29 02:15:41 UTC 2026
Last update: Fri May 29 07:47:02 UTC 2026
Last update: Fri May 29 11:20:27 UTC 2026
Last update: Fri May 29 14:42:16 UTC 2026
Last update: Fri May 29 18:26:54 UTC 2026
Last update: Fri May 29 21:45:30 UTC 2026
Last update: Fri May 29 23:04:29 UTC 2026
Last update: Sat May 30 02:11:24 UTC 2026
Last update: Sat May 30 06:40:25 UTC 2026
Last update: Sat May 30 09:51:27 UTC 2026
Last update: Sat May 30 11:13:25 UTC 2026
Last update: Sat May 30 13:04:44 UTC 2026
Last update: Sat May 30 14:59:10 UTC 2026
Last update: Sat May 30 16:52:41 UTC 2026
Last update: Sat May 30 18:59:53 UTC 2026
Last update: Sat May 30 20:45:00 UTC 2026
Last update: Sat May 30 22:49:34 UTC 2026
Last update: Sun May 31 02:36:38 UTC 2026
Last update: Sun May 31 07:38:27 UTC 2026
Last update: Sun May 31 10:08:00 UTC 2026
Last update: Sun May 31 13:16:45 UTC 2026
Last update: Sun May 31 15:12:46 UTC 2026
Last update: Sun May 31 16:57:22 UTC 2026
Last update: Sun May 31 19:03:25 UTC 2026
Last update: Sun May 31 20:50:15 UTC 2026
Last update: Sun May 31 22:51:17 UTC 2026
Last update: Mon Jun  1 02:45:46 UTC 2026
Last update: Mon Jun  1 09:13:49 UTC 2026
Last update: Mon Jun  1 15:49:21 UTC 2026
Last update: Mon Jun  1 20:11:00 UTC 2026
Last update: Mon Jun  1 23:21:37 UTC 2026
Last update: Tue Jun  2 02:43:49 UTC 2026
Last update: Tue Jun  2 08:20:46 UTC 2026
Last update: Tue Jun  2 13:52:41 UTC 2026
Last update: Tue Jun  2 17:59:58 UTC 2026
Last update: Tue Jun  2 20:54:33 UTC 2026
Last update: Tue Jun  2 23:27:49 UTC 2026
Last update: Wed Jun  3 02:52:21 UTC 2026
Last update: Wed Jun  3 08:47:52 UTC 2026
Last update: Wed Jun  3 14:21:56 UTC 2026
Last update: Wed Jun  3 19:42:03 UTC 2026
Last update: Wed Jun  3 22:23:56 UTC 2026
Last update: Thu Jun  4 02:47:18 UTC 2026
Last update: Thu Jun  4 08:13:00 UTC 2026
Last update: Thu Jun  4 12:38:31 UTC 2026
Last update: Thu Jun  4 16:45:44 UTC 2026
Last update: Thu Jun  4 19:54:42 UTC 2026
Last update: Thu Jun  4 21:24:51 UTC 2026
Last update: Thu Jun  4 23:01:37 UTC 2026
Last update: Fri Jun  5 02:34:26 UTC 2026
Last update: Fri Jun  5 07:59:51 UTC 2026
Last update: Fri Jun  5 11:31:39 UTC 2026
Last update: Fri Jun  5 14:26:48 UTC 2026
Last update: Fri Jun  5 17:47:48 UTC 2026
Last update: Fri Jun  5 19:42:18 UTC 2026
Last update: Fri Jun  5 21:17:24 UTC 2026
Last update: Fri Jun  5 22:58:53 UTC 2026
Last update: Sat Jun  6 02:13:30 UTC 2026
Last update: Sat Jun  6 06:47:05 UTC 2026
Last update: Sat Jun  6 09:54:58 UTC 2026
Last update: Sat Jun  6 11:17:28 UTC 2026
Last update: Sat Jun  6 13:09:50 UTC 2026
Last update: Sat Jun  6 15:06:28 UTC 2026
Last update: Sat Jun  6 17:01:36 UTC 2026
Last update: Sat Jun  6 19:06:08 UTC 2026
Last update: Sat Jun  6 20:54:35 UTC 2026
Last update: Sat Jun  6 22:55:26 UTC 2026
Last update: Sun Jun  7 02:39:53 UTC 2026
Last update: Sun Jun  7 07:47:47 UTC 2026
Last update: Sun Jun  7 10:22:16 UTC 2026
Last update: Sun Jun  7 13:23:10 UTC 2026
Last update: Sun Jun  7 15:19:02 UTC 2026
Last update: Sun Jun  7 17:05:49 UTC 2026
Last update: Sun Jun  7 19:07:12 UTC 2026
Last update: Sun Jun  7 21:01:12 UTC 2026
Last update: Sun Jun  7 22:54:46 UTC 2026
Last update: Mon Jun  8 02:44:12 UTC 2026
Last update: Mon Jun  8 08:46:12 UTC 2026
Last update: Mon Jun  8 13:59:41 UTC 2026
Last update: Mon Jun  8 17:24:00 UTC 2026
Last update: Mon Jun  8 20:01:59 UTC 2026
Last update: Mon Jun  8 23:08:08 UTC 2026
Last update: Tue Jun  9 02:10:44 UTC 2026
Last update: Tue Jun  9 07:37:49 UTC 2026
Last update: Tue Jun  9 10:52:16 UTC 2026
Last update: Tue Jun  9 14:28:08 UTC 2026
Last update: Tue Jun  9 17:53:22 UTC 2026
Last update: Tue Jun  9 19:56:53 UTC 2026
Last update: Tue Jun  9 21:44:23 UTC 2026
Last update: Tue Jun  9 23:12:20 UTC 2026
Last update: Wed Jun 10 02:34:43 UTC 2026
Last update: Wed Jun 10 08:00:24 UTC 2026
Last update: Wed Jun 10 12:49:09 UTC 2026
Last update: Wed Jun 10 16:54:04 UTC 2026
Last update: Wed Jun 10 20:13:21 UTC 2026
Last update: Wed Jun 10 23:19:20 UTC 2026
Last update: Thu Jun 11 02:44:33 UTC 2026
Last update: Thu Jun 11 08:28:16 UTC 2026
Last update: Thu Jun 11 13:53:04 UTC 2026
Last update: Thu Jun 11 17:32:42 UTC 2026
Last update: Thu Jun 11 20:10:27 UTC 2026
Last update: Thu Jun 11 23:14:35 UTC 2026
Last update: Fri Jun 12 02:40:39 UTC 2026
Last update: Fri Jun 12 08:16:51 UTC 2026
Last update: Fri Jun 12 12:49:27 UTC 2026
Last update: Fri Jun 12 16:38:15 UTC 2026
Last update: Fri Jun 12 19:54:44 UTC 2026
Last update: Fri Jun 12 21:25:04 UTC 2026
Last update: Fri Jun 12 23:08:07 UTC 2026
Last update: Sat Jun 13 02:33:05 UTC 2026
Last update: Sat Jun 13 07:39:33 UTC 2026
Last update: Sat Jun 13 10:21:46 UTC 2026
Last update: Sat Jun 13 13:27:19 UTC 2026
Last update: Sat Jun 13 15:26:14 UTC 2026
Last update: Sat Jun 13 17:12:46 UTC 2026
Last update: Sat Jun 13 19:08:59 UTC 2026
Last update: Sat Jun 13 21:03:35 UTC 2026
Last update: Sat Jun 13 22:55:08 UTC 2026
Last update: Sun Jun 14 02:44:57 UTC 2026
Last update: Sun Jun 14 08:09:00 UTC 2026
Last update: Sun Jun 14 11:49:29 UTC 2026
Last update: Sun Jun 14 13:29:44 UTC 2026
Last update: Sun Jun 14 15:43:11 UTC 2026
Last update: Sun Jun 14 17:09:24 UTC 2026
Last update: Sun Jun 14 19:10:23 UTC 2026
Last update: Sun Jun 14 21:00:08 UTC 2026
Last update: Sun Jun 14 22:59:28 UTC 2026
Last update: Mon Jun 15 02:49:31 UTC 2026
Last update: Mon Jun 15 09:52:39 UTC 2026
Last update: Mon Jun 15 15:36:53 UTC 2026
Last update: Mon Jun 15 19:38:02 UTC 2026
Last update: Mon Jun 15 22:10:26 UTC 2026
Last update: Tue Jun 16 02:51:33 UTC 2026
Last update: Tue Jun 16 09:17:23 UTC 2026
Last update: Tue Jun 16 14:53:08 UTC 2026
Last update: Tue Jun 16 19:28:17 UTC 2026
Last update: Tue Jun 16 22:05:20 UTC 2026
Last update: Wed Jun 17 02:47:38 UTC 2026
Last update: Wed Jun 17 08:54:17 UTC 2026
Last update: Wed Jun 17 13:36:21 UTC 2026
Last update: Wed Jun 17 16:51:21 UTC 2026
Last update: Wed Jun 17 20:00:57 UTC 2026
Last update: Wed Jun 17 23:16:42 UTC 2026
Last update: Thu Jun 18 02:46:41 UTC 2026
Last update: Thu Jun 18 08:37:49 UTC 2026
Last update: Thu Jun 18 12:45:50 UTC 2026
Last update: Thu Jun 18 16:51:18 UTC 2026
Last update: Thu Jun 18 20:12:10 UTC 2026
Last update: Thu Jun 18 23:28:42 UTC 2026
Last update: Fri Jun 19 03:27:03 UTC 2026
Last update: Fri Jun 19 08:58:33 UTC 2026
Last update: Fri Jun 19 13:28:02 UTC 2026
Last update: Fri Jun 19 16:28:09 UTC 2026
Last update: Fri Jun 19 19:26:30 UTC 2026
Last update: Fri Jun 19 21:01:37 UTC 2026
Last update: Fri Jun 19 22:44:08 UTC 2026
Last update: Sat Jun 20 02:32:51 UTC 2026
Last update: Sat Jun 20 07:43:20 UTC 2026
Last update: Sat Jun 20 10:26:38 UTC 2026
Last update: Sat Jun 20 13:29:20 UTC 2026
Last update: Sat Jun 20 15:29:00 UTC 2026
Last update: Sat Jun 20 17:15:47 UTC 2026
Last update: Sat Jun 20 19:10:24 UTC 2026
Last update: Sat Jun 20 21:05:10 UTC 2026
Last update: Sat Jun 20 22:58:33 UTC 2026
Last update: Sun Jun 21 02:48:30 UTC 2026
Last update: Sun Jun 21 08:21:26 UTC 2026
Last update: Sun Jun 21 12:05:18 UTC 2026
Last update: Sun Jun 21 15:46:13 UTC 2026
Last update: Sun Jun 21 17:19:27 UTC 2026
Last update: Sun Jun 21 19:16:15 UTC 2026
Last update: Sun Jun 21 21:05:14 UTC 2026
Last update: Sun Jun 21 23:01:16 UTC 2026
Last update: Mon Jun 22 02:50:50 UTC 2026
Last update: Mon Jun 22 09:39:38 UTC 2026
Last update: Mon Jun 22 15:13:18 UTC 2026
Last update: Mon Jun 22 19:18:41 UTC 2026
Last update: Mon Jun 22 21:55:39 UTC 2026
Last update: Mon Jun 22 23:14:03 UTC 2026
Last update: Tue Jun 23 02:26:16 UTC 2026
Last update: Tue Jun 23 07:40:25 UTC 2026
Last update: Tue Jun 23 10:55:22 UTC 2026
Last update: Tue Jun 23 14:29:03 UTC 2026
Last update: Tue Jun 23 17:44:48 UTC 2026
Last update: Tue Jun 23 19:50:21 UTC 2026
Last update: Tue Jun 23 21:24:11 UTC 2026
Last update: Tue Jun 23 23:00:14 UTC 2026
Last update: Wed Jun 24 02:27:52 UTC 2026
Last update: Wed Jun 24 07:33:02 UTC 2026
Last update: Wed Jun 24 10:41:20 UTC 2026
Last update: Wed Jun 24 14:08:02 UTC 2026
Last update: Wed Jun 24 17:47:27 UTC 2026
Last update: Wed Jun 24 19:26:39 UTC 2026
Last update: Wed Jun 24 21:16:50 UTC 2026
Last update: Wed Jun 24 22:59:03 UTC 2026
Last update: Thu Jun 25 02:29:15 UTC 2026
Last update: Thu Jun 25 07:34:49 UTC 2026
Last update: Thu Jun 25 10:34:30 UTC 2026
Last update: Thu Jun 25 14:04:52 UTC 2026
Last update: Thu Jun 25 18:03:11 UTC 2026
Last update: Thu Jun 25 21:22:45 UTC 2026
Last update: Thu Jun 25 23:08:24 UTC 2026
Last update: Fri Jun 26 02:31:32 UTC 2026
Last update: Fri Jun 26 07:42:16 UTC 2026
Last update: Fri Jun 26 10:43:55 UTC 2026
Last update: Fri Jun 26 14:04:25 UTC 2026
Last update: Fri Jun 26 17:29:44 UTC 2026
Last update: Fri Jun 26 19:28:23 UTC 2026
Last update: Fri Jun 26 21:13:06 UTC 2026
Last update: Fri Jun 26 22:58:56 UTC 2026
Last update: Sat Jun 27 02:25:12 UTC 2026
Last update: Sat Jun 27 06:46:11 UTC 2026
Last update: Sat Jun 27 09:56:40 UTC 2026
Last update: Sat Jun 27 11:24:29 UTC 2026
Last update: Sat Jun 27 13:12:04 UTC 2026
Last update: Sat Jun 27 15:08:31 UTC 2026
Last update: Sat Jun 27 16:58:08 UTC 2026
Last update: Sat Jun 27 19:05:06 UTC 2026
Last update: Sat Jun 27 20:51:24 UTC 2026
Last update: Sat Jun 27 22:55:49 UTC 2026
Last update: Sun Jun 28 02:37:04 UTC 2026
Last update: Sun Jun 28 07:43:25 UTC 2026
Last update: Sun Jun 28 10:20:52 UTC 2026
Last update: Sun Jun 28 13:18:19 UTC 2026
Last update: Sun Jun 28 15:12:32 UTC 2026
Last update: Sun Jun 28 16:59:11 UTC 2026
Last update: Sun Jun 28 19:03:32 UTC 2026
Last update: Sun Jun 28 20:51:48 UTC 2026
Last update: Sun Jun 28 22:55:16 UTC 2026
Last update: Mon Jun 29 02:37:31 UTC 2026
Last update: Mon Jun 29 08:50:01 UTC 2026
Last update: Mon Jun 29 13:58:24 UTC 2026
Last update: Mon Jun 29 16:52:40 UTC 2026
Last update: Mon Jun 29 19:43:42 UTC 2026
Last update: Mon Jun 29 21:17:06 UTC 2026
Last update: Mon Jun 29 22:47:07 UTC 2026
Last update: Tue Jun 30 02:31:50 UTC 2026
Last update: Tue Jun 30 07:42:39 UTC 2026
Last update: Tue Jun 30 10:48:47 UTC 2026
Last update: Tue Jun 30 13:57:50 UTC 2026
Last update: Tue Jun 30 16:22:29 UTC 2026
Last update: Tue Jun 30 19:43:01 UTC 2026
Last update: Tue Jun 30 21:22:22 UTC 2026
Last update: Tue Jun 30 23:03:06 UTC 2026
Last update: Wed Jul  1 02:37:52 UTC 2026
Last update: Wed Jul  1 08:03:51 UTC 2026
Last update: Wed Jul  1 12:27:34 UTC 2026
Last update: Wed Jul  1 16:17:56 UTC 2026
Last update: Wed Jul  1 19:39:29 UTC 2026
Last update: Wed Jul  1 21:18:38 UTC 2026
Last update: Wed Jul  1 23:03:17 UTC 2026
Last update: Thu Jul  2 02:27:32 UTC 2026
Last update: Thu Jul  2 07:22:49 UTC 2026
Last update: Thu Jul  2 10:28:48 UTC 2026
Last update: Thu Jul  2 13:39:32 UTC 2026
Last update: Thu Jul  2 15:59:41 UTC 2026
Last update: Thu Jul  2 17:51:43 UTC 2026
Last update: Thu Jul  2 19:10:11 UTC 2026
Last update: Thu Jul  2 20:55:09 UTC 2026
Last update: Thu Jul  2 22:57:06 UTC 2026
Last update: Fri Jul  3 02:02:22 UTC 2026
Last update: Fri Jul  3 06:54:00 UTC 2026
Last update: Fri Jul  3 10:26:42 UTC 2026
Last update: Fri Jul  3 13:43:54 UTC 2026
Last update: Fri Jul  3 15:48:42 UTC 2026
Last update: Fri Jul  3 17:13:57 UTC 2026
Last update: Fri Jul  3 19:03:00 UTC 2026
Last update: Fri Jul  3 20:53:27 UTC 2026
Last update: Fri Jul  3 22:55:01 UTC 2026
Last update: Sat Jul  4 02:00:20 UTC 2026
Last update: Sat Jul  4 06:39:47 UTC 2026
Last update: Sat Jul  4 09:59:55 UTC 2026
Last update: Sat Jul  4 11:36:02 UTC 2026
Last update: Sat Jul  4 13:01:32 UTC 2026
Last update: Sat Jul  4 14:58:06 UTC 2026
Last update: Sat Jul  4 16:54:37 UTC 2026
Last update: Sat Jul  4 18:57:23 UTC 2026
Last update: Sat Jul  4 20:43:24 UTC 2026
Last update: Sat Jul  4 22:48:43 UTC 2026
Last update: Sun Jul  5 02:08:50 UTC 2026
Last update: Sun Jul  5 06:59:42 UTC 2026
Last update: Sun Jul  5 10:03:45 UTC 2026
Last update: Sun Jul  5 13:09:37 UTC 2026
Last update: Sun Jul  5 15:06:13 UTC 2026
Last update: Sun Jul  5 16:56:51 UTC 2026
Last update: Sun Jul  5 19:02:53 UTC 2026
Last update: Sun Jul  5 20:47:38 UTC 2026
Last update: Sun Jul  5 22:53:17 UTC 2026
Last update: Mon Jul  6 02:13:48 UTC 2026
Last update: Mon Jul  6 08:10:14 UTC 2026
Last update: Mon Jul  6 13:37:58 UTC 2026
Last update: Mon Jul  6 16:47:37 UTC 2026
Last update: Mon Jul  6 19:43:08 UTC 2026
Last update: Mon Jul  6 21:21:52 UTC 2026
Last update: Mon Jul  6 22:58:19 UTC 2026
Last update: Tue Jul  7 02:09:23 UTC 2026
Last update: Tue Jul  7 07:29:26 UTC 2026
Last update: Tue Jul  7 10:46:17 UTC 2026
Last update: Tue Jul  7 14:08:40 UTC 2026
Last update: Tue Jul  7 17:52:05 UTC 2026
Last update: Tue Jul  7 19:42:25 UTC 2026
Last update: Tue Jul  7 21:15:31 UTC 2026
Last update: Tue Jul  7 22:51:51 UTC 2026
Last update: Wed Jul  8 01:50:12 UTC 2026
Last update: Wed Jul  8 05:12:15 UTC 2026
Last update: Wed Jul  8 08:08:54 UTC 2026
Last update: Wed Jul  8 11:42:12 UTC 2026
Last update: Wed Jul  8 13:41:50 UTC 2026
Last update: Wed Jul  8 15:57:31 UTC 2026
Last update: Wed Jul  8 17:26:37 UTC 2026
Last update: Wed Jul  8 19:08:33 UTC 2026
Last update: Wed Jul  8 20:57:09 UTC 2026
Last update: Wed Jul  8 22:56:15 UTC 2026
Last update: Thu Jul  9 02:02:48 UTC 2026
Last update: Thu Jul  9 07:29:49 UTC 2026
Last update: Thu Jul  9 10:46:19 UTC 2026
Last update: Thu Jul  9 14:32:27 UTC 2026
Last update: Thu Jul  9 17:47:47 UTC 2026
Last update: Thu Jul  9 19:23:00 UTC 2026
Last update: Thu Jul  9 21:13:23 UTC 2026
Last update: Thu Jul  9 23:02:32 UTC 2026
Last update: Fri Jul 10 02:00:59 UTC 2026
Last update: Fri Jul 10 07:27:01 UTC 2026
Last update: Fri Jul 10 10:44:19 UTC 2026
Last update: Fri Jul 10 14:01:07 UTC 2026
Last update: Fri Jul 10 17:40:51 UTC 2026
Last update: Fri Jul 10 19:16:28 UTC 2026
Last update: Fri Jul 10 20:59:48 UTC 2026
Last update: Fri Jul 10 22:51:37 UTC 2026
Last update: Sat Jul 11 01:48:38 UTC 2026
Last update: Sat Jul 11 04:55:37 UTC 2026
Last update: Sat Jul 11 07:40:37 UTC 2026
Last update: Sat Jul 11 09:17:55 UTC 2026
Last update: Sat Jul 11 10:55:09 UTC 2026
Last update: Sat Jul 11 12:57:04 UTC 2026
Last update: Sat Jul 11 14:43:53 UTC 2026
Last update: Sat Jul 11 16:43:43 UTC 2026
Last update: Sat Jul 11 18:45:55 UTC 2026
Last update: Sat Jul 11 20:38:33 UTC 2026
Last update: Sat Jul 11 22:37:52 UTC 2026
Last update: Sun Jul 12 01:51:11 UTC 2026
Last update: Sun Jul 12 05:18:34 UTC 2026
Last update: Sun Jul 12 08:02:06 UTC 2026
Last update: Sun Jul 12 11:04:56 UTC 2026
Last update: Sun Jul 12 12:57:34 UTC 2026
Last update: Sun Jul 12 14:47:26 UTC 2026
Last update: Sun Jul 12 16:47:51 UTC 2026
Last update: Sun Jul 12 18:52:07 UTC 2026
Last update: Sun Jul 12 20:35:26 UTC 2026
Last update: Sun Jul 12 22:38:00 UTC 2026
Last update: Mon Jul 13 01:53:28 UTC 2026
Last update: Mon Jul 13 05:28:07 UTC 2026
Last update: Mon Jul 13 08:50:11 UTC 2026
Last update: Mon Jul 13 12:26:00 UTC 2026
Last update: Mon Jul 13 16:21:41 UTC 2026
Last update: Mon Jul 13 19:12:56 UTC 2026
Last update: Mon Jul 13 20:50:08 UTC 2026
Last update: Mon Jul 13 22:45:28 UTC 2026
Last update: Tue Jul 14 01:40:38 UTC 2026
Last update: Tue Jul 14 04:41:55 UTC 2026
Last update: Tue Jul 14 07:47:44 UTC 2026
Last update: Tue Jul 14 09:47:05 UTC 2026
Last update: Tue Jul 14 11:18:12 UTC 2026
Last update: Tue Jul 14 13:10:12 UTC 2026
Last update: Tue Jul 14 15:16:49 UTC 2026
Last update: Tue Jul 14 17:03:31 UTC 2026
Last update: Tue Jul 14 19:03:21 UTC 2026
Last update: Tue Jul 14 20:50:26 UTC 2026
Last update: Tue Jul 14 22:47:19 UTC 2026
Last update: Wed Jul 15 01:26:44 UTC 2026
Last update: Wed Jul 15 04:41:54 UTC 2026
Last update: Wed Jul 15 07:51:05 UTC 2026
Last update: Wed Jul 15 09:51:18 UTC 2026
Last update: Wed Jul 15 11:22:00 UTC 2026
Last update: Wed Jul 15 13:14:05 UTC 2026
Last update: Wed Jul 15 15:18:39 UTC 2026
Last update: Wed Jul 15 17:06:11 UTC 2026
Last update: Wed Jul 15 18:55:50 UTC 2026
Last update: Wed Jul 15 20:50:25 UTC 2026
Last update: Wed Jul 15 22:49:58 UTC 2026
Last update: Thu Jul 16 01:47:04 UTC 2026
Last update: Thu Jul 16 04:51:49 UTC 2026
Last update: Thu Jul 16 07:56:39 UTC 2026
Last update: Thu Jul 16 10:03:03 UTC 2026
Last update: Thu Jul 16 13:21:41 UTC 2026
Last update: Thu Jul 16 15:26:08 UTC 2026
Last update: Thu Jul 16 17:03:34 UTC 2026
Last update: Thu Jul 16 18:56:46 UTC 2026
Last update: Thu Jul 16 20:46:30 UTC 2026
Last update: Thu Jul 16 22:49:42 UTC 2026
Last update: Fri Jul 17 01:50:21 UTC 2026
Last update: Fri Jul 17 04:55:32 UTC 2026
Last update: Fri Jul 17 07:52:39 UTC 2026
Last update: Fri Jul 17 09:47:45 UTC 2026
Last update: Fri Jul 17 11:15:07 UTC 2026
Last update: Fri Jul 17 13:06:06 UTC 2026
Last update: Fri Jul 17 15:06:02 UTC 2026
Last update: Fri Jul 17 17:00:45 UTC 2026
Last update: Fri Jul 17 18:53:47 UTC 2026
Last update: Fri Jul 17 20:43:19 UTC 2026
Last update: Fri Jul 17 22:39:30 UTC 2026
Last update: Sat Jul 18 01:40:47 UTC 2026
Last update: Sat Jul 18 04:39:59 UTC 2026
Last update: Sat Jul 18 07:27:50 UTC 2026
Last update: Sat Jul 18 09:15:42 UTC 2026
Last update: Sat Jul 18 10:55:46 UTC 2026
Last update: Sat Jul 18 12:53:42 UTC 2026
Last update: Sat Jul 18 14:43:31 UTC 2026
Last update: Sat Jul 18 16:44:40 UTC 2026
Last update: Sat Jul 18 18:48:14 UTC 2026
Last update: Sat Jul 18 20:37:28 UTC 2026
Last update: Sat Jul 18 22:38:54 UTC 2026
Last update: Sun Jul 19 01:48:50 UTC 2026
Last update: Sun Jul 19 05:13:00 UTC 2026
Last update: Sun Jul 19 08:00:06 UTC 2026
Last update: Sun Jul 19 09:55:08 UTC 2026
Last update: Sun Jul 19 11:04:35 UTC 2026
Last update: Sun Jul 19 12:55:59 UTC 2026
Last update: Sun Jul 19 14:47:19 UTC 2026
Last update: Sun Jul 19 16:45:55 UTC 2026
Last update: Sun Jul 19 18:52:16 UTC 2026
Last update: Sun Jul 19 20:37:49 UTC 2026
Last update: Sun Jul 19 22:41:29 UTC 2026
Last update: Mon Jul 20 02:06:03 UTC 2026
Last update: Mon Jul 20 06:38:27 UTC 2026
Last update: Mon Jul 20 10:41:55 UTC 2026
Last update: Mon Jul 20 13:49:14 UTC 2026
Last update: Mon Jul 20 15:44:54 UTC 2026
Last update: Mon Jul 20 17:25:41 UTC 2026
Last update: Mon Jul 20 19:25:35 UTC 2026
Last update: Mon Jul 20 21:01:38 UTC 2026
Last update: Mon Jul 20 22:47:30 UTC 2026
Last update: Tue Jul 21 01:48:51 UTC 2026
Last update: Tue Jul 21 05:11:39 UTC 2026
Last update: Tue Jul 21 08:08:45 UTC 2026
Last update: Tue Jul 21 11:41:49 UTC 2026
Last update: Tue Jul 21 13:18:08 UTC 2026
Last update: Tue Jul 21 15:28:51 UTC 2026
Last update: Tue Jul 21 17:06:42 UTC 2026
Last update: Tue Jul 21 19:04:17 UTC 2026
Last update: Tue Jul 21 20:58:03 UTC 2026
Last update: Tue Jul 21 22:45:23 UTC 2026
Last update: Wed Jul 22 01:48:00 UTC 2026
Last update: Wed Jul 22 04:59:50 UTC 2026
Last update: Wed Jul 22 08:09:00 UTC 2026
Last update: Wed Jul 22 11:41:55 UTC 2026
Last update: Wed Jul 22 13:22:31 UTC 2026
Last update: Wed Jul 22 15:25:52 UTC 2026
Last update: Wed Jul 22 17:07:36 UTC 2026
Last update: Wed Jul 22 18:58:08 UTC 2026
Last update: Wed Jul 22 20:55:30 UTC 2026
Last update: Wed Jul 22 22:53:43 UTC 2026
Last update: Thu Jul 23 01:55:03 UTC 2026
Last update: Thu Jul 23 05:17:21 UTC 2026
Last update: Thu Jul 23 08:12:28 UTC 2026
Last update: Thu Jul 23 11:45:29 UTC 2026
Last update: Thu Jul 23 13:25:13 UTC 2026
Last update: Thu Jul 23 15:47:32 UTC 2026
Last update: Thu Jul 23 17:09:55 UTC 2026
Last update: Thu Jul 23 18:59:39 UTC 2026
Last update: Thu Jul 23 20:51:23 UTC 2026
Last update: Thu Jul 23 22:47:30 UTC 2026
Last update: Fri Jul 24 01:50:45 UTC 2026
Last update: Fri Jul 24 05:12:11 UTC 2026
Last update: Fri Jul 24 08:08:27 UTC 2026
Last update: Fri Jul 24 11:30:05 UTC 2026
Last update: Fri Jul 24 13:18:39 UTC 2026
Last update: Fri Jul 24 15:20:19 UTC 2026
Last update: Fri Jul 24 17:20:33 UTC 2026
Last update: Fri Jul 24 19:12:58 UTC 2026
Last update: Fri Jul 24 20:55:11 UTC 2026
Last update: Fri Jul 24 22:53:22 UTC 2026
Last update: Sat Jul 25 01:50:38 UTC 2026
Last update: Sat Jul 25 04:57:27 UTC 2026
Last update: Sat Jul 25 07:51:05 UTC 2026
Last update: Sat Jul 25 09:28:28 UTC 2026
Last update: Sat Jul 25 11:01:52 UTC 2026
Last update: Sat Jul 25 13:02:43 UTC 2026
Last update: Sat Jul 25 14:54:51 UTC 2026
Last update: Sat Jul 25 16:45:36 UTC 2026
Last update: Sat Jul 25 18:53:27 UTC 2026
Last update: Sat Jul 25 20:40:39 UTC 2026
Last update: Sat Jul 25 22:43:59 UTC 2026
Last update: Sun Jul 26 01:53:59 UTC 2026
Last update: Sun Jul 26 05:22:50 UTC 2026
Last update: Sun Jul 26 08:09:00 UTC 2026
Last update: Sun Jul 26 11:13:28 UTC 2026
Last update: Sun Jul 26 12:59:23 UTC 2026
Last update: Sun Jul 26 14:56:09 UTC 2026
Last update: Sun Jul 26 16:48:55 UTC 2026
Last update: Sun Jul 26 18:57:26 UTC 2026
Last update: Sun Jul 26 20:46:06 UTC 2026
Last update: Sun Jul 26 22:51:09 UTC 2026
Last update: Mon Jul 27 02:02:03 UTC 2026
Last update: Mon Jul 27 06:54:47 UTC 2026
Last update: Mon Jul 27 11:10:34 UTC 2026
Last update: Mon Jul 27 14:11:21 UTC 2026
Last update: Mon Jul 27 17:36:00 UTC 2026
Last update: Mon Jul 27 19:13:22 UTC 2026
Last update: Mon Jul 27 21:02:38 UTC 2026
Last update: Mon Jul 27 22:52:43 UTC 2026
Last update: Tue Jul 28 01:44:01 UTC 2026
Last update: Tue Jul 28 04:55:37 UTC 2026
Last update: Tue Jul 28 08:15:39 UTC 2026
Last update: Tue Jul 28 11:50:08 UTC 2026
Last update: Tue Jul 28 13:40:39 UTC 2026
Last update: Tue Jul 28 15:58:11 UTC 2026
Last update: Tue Jul 28 17:25:57 UTC 2026
Last update: Tue Jul 28 19:08:48 UTC 2026
Last update: Tue Jul 28 20:59:12 UTC 2026
Last update: Tue Jul 28 22:51:23 UTC 2026
Last update: Wed Jul 29 01:45:53 UTC 2026
Last update: Wed Jul 29 05:11:59 UTC 2026
Last update: Wed Jul 29 08:21:37 UTC 2026
Last update: Wed Jul 29 11:54:29 UTC 2026
Last update: Wed Jul 29 13:46:33 UTC 2026
Last update: Wed Jul 29 15:44:04 UTC 2026
Last update: Wed Jul 29 17:04:57 UTC 2026
Last update: Wed Jul 29 18:58:15 UTC 2026
Last update: Wed Jul 29 20:42:56 UTC 2026
Last update: Wed Jul 29 22:51:45 UTC 2026
Last update: Thu Jul 30 01:28:58 UTC 2026
Last update: Thu Jul 30 04:49:09 UTC 2026
Last update: Thu Jul 30 08:07:57 UTC 2026
Last update: Thu Jul 30 11:45:21 UTC 2026
Last update: Thu Jul 30 13:28:12 UTC 2026
Last update: Thu Jul 30 15:44:58 UTC 2026
Last update: Thu Jul 30 17:15:34 UTC 2026
Last update: Thu Jul 30 19:10:15 UTC 2026
Last update: Thu Jul 30 20:56:19 UTC 2026
Last update: Thu Jul 30 22:56:12 UTC 2026
Last update: Fri Jul 31 01:55:45 UTC 2026
Last update: Fri Jul 31 05:28:57 UTC 2026
Last update: Fri Jul 31 08:35:03 UTC 2026
Last update: Fri Jul 31 11:52:22 UTC 2026
Last update: Fri Jul 31 13:41:31 UTC 2026
Last update: Fri Jul 31 15:54:51 UTC 2026
Last update: Fri Jul 31 17:20:04 UTC 2026
Last update: Fri Jul 31 19:08:43 UTC 2026
Last update: Fri Jul 31 20:53:52 UTC 2026
Last update: Fri Jul 31 22:51:43 UTC 2026
Last update: Sat Aug  1 01:56:51 UTC 2026
Last update: Sat Aug  1 05:23:17 UTC 2026
Last update: Sat Aug  1 08:04:39 UTC 2026
Last update: Sat Aug  1 11:10:59 UTC 2026
Last update: Sat Aug  1 12:57:57 UTC 2026
Last update: Sat Aug  1 14:52:03 UTC 2026
Last update: Sat Aug  1 16:49:33 UTC 2026
Last update: Sat Aug  1 18:55:28 UTC 2026
Last update: Sat Aug  1 20:40:32 UTC 2026
Last update: Sat Aug  1 22:44:29 UTC 2026
Last update: Sun Aug  2 01:53:14 UTC 2026
Last update: Sun Aug  2 05:18:25 UTC 2026
Last update: Sun Aug  2 08:06:08 UTC 2026
Last update: Sun Aug  2 11:10:45 UTC 2026
Last update: Sun Aug  2 13:00:29 UTC 2026
Last update: Sun Aug  2 14:53:52 UTC 2026
Last update: Sun Aug  2 16:48:19 UTC 2026
Last update: Sun Aug  2 18:56:02 UTC 2026
Last update: Sun Aug  2 20:42:53 UTC 2026
Last update: Sun Aug  2 22:45:26 UTC 2026
Last update: Mon Aug  3 01:55:50 UTC 2026
Last update: Mon Aug  3 05:35:02 UTC 2026
Last update: Mon Aug  3 09:23:16 UTC 2026
Last update: Mon Aug  3 12:50:05 UTC 2026
Last update: Mon Aug  3 16:13:55 UTC 2026
Last update: Mon Aug  3 19:19:27 UTC 2026
Last update: Mon Aug  3 20:55:20 UTC 2026
Last update: Mon Aug  3 22:52:32 UTC 2026
Last update: Tue Aug  4 01:41:58 UTC 2026
Last update: Tue Aug  4 04:54:49 UTC 2026
Last update: Tue Aug  4 08:22:08 UTC 2026
Last update: Tue Aug  4 11:56:25 UTC 2026
Last update: Tue Aug  4 13:56:51 UTC 2026
Last update: Tue Aug  4 16:09:07 UTC 2026
Last update: Tue Aug  4 19:18:24 UTC 2026
Last update: Tue Aug  4 21:01:54 UTC 2026
Last update: Tue Aug  4 22:52:41 UTC 2026
Last update: Wed Aug  5 01:44:40 UTC 2026
Last update: Wed Aug  5 04:56:32 UTC 2026
Last update: Wed Aug  5 08:18:14 UTC 2026
Last update: Wed Aug  5 11:50:55 UTC 2026
Last update: Wed Aug  5 13:44:07 UTC 2026
Last update: Wed Aug  5 15:54:16 UTC 2026
Last update: Wed Aug  5 17:20:36 UTC 2026
Last update: Wed Aug  5 19:15:26 UTC 2026
Last update: Wed Aug  5 20:57:31 UTC 2026
Last update: Wed Aug  5 22:49:12 UTC 2026
Last update: Thu Aug  6 01:44:04 UTC 2026
Last update: Thu Aug  6 04:56:53 UTC 2026
Last update: Thu Aug  6 08:16:01 UTC 2026
Last update: Thu Aug  6 11:57:05 UTC 2026
Last update: Thu Aug  6 13:56:49 UTC 2026
Last update: Thu Aug  6 23:50:11 UTC 2026
Last update: Fri Aug  7 02:09:13 UTC 2026
Last update: Fri Aug  7 05:27:19 UTC 2026
Last update: Fri Aug  7 07:00:20 UTC 2026
Last update: Fri Aug  7 08:46:29 UTC 2026
Last update: Fri Aug  7 10:42:34 UTC 2026
Last update: Fri Aug  7 12:40:52 UTC 2026
Last update: Fri Aug  7 14:44:37 UTC 2026
Last update: Fri Aug  7 16:42:00 UTC 2026
Last update: Fri Aug  7 18:40:26 UTC 2026
Last update: Fri Aug  7 20:30:21 UTC 2026
Last update: Fri Aug  7 22:25:54 UTC 2026
Last update: Sat Aug  8 00:56:32 UTC 2026
Last update: Sat Aug  8 03:16:30 UTC 2026
Last update: Sat Aug  8 04:46:23 UTC 2026
Last update: Sat Aug  8 06:34:44 UTC 2026
Last update: Sat Aug  8 08:28:36 UTC 2026
Last update: Sat Aug  8 10:21:40 UTC 2026
Last update: Sat Aug  8 12:27:15 UTC 2026
Last update: Sat Aug  8 14:22:49 UTC 2026
Last update: Sat Aug  8 16:20:44 UTC 2026
Last update: Sat Aug  8 18:22:53 UTC 2026
Last update: Sat Aug  8 20:17:44 UTC 2026
Last update: Sat Aug  8 22:18:12 UTC 2026
Last update: Sun Aug  9 00:59:36 UTC 2026
Last update: Sun Aug  9 03:24:38 UTC 2026
Last update: Sun Aug  9 04:54:56 UTC 2026
Last update: Sun Aug  9 06:38:35 UTC 2026
Last update: Sun Aug  9 08:30:43 UTC 2026
Last update: Sun Aug  9 10:22:49 UTC 2026
Last update: Sun Aug  9 12:30:00 UTC 2026
Last update: Sun Aug  9 14:24:57 UTC 2026
Last update: Sun Aug  9 16:22:31 UTC 2026
Last update: Sun Aug  9 18:25:28 UTC 2026
Last update: Sun Aug  9 20:20:42 UTC 2026
Last update: Sun Aug  9 22:19:48 UTC 2026
Last update: Mon Aug 10 01:01:50 UTC 2026
Last update: Mon Aug 10 03:44:03 UTC 2026
Last update: Mon Aug 10 05:16:46 UTC 2026
Last update: Mon Aug 10 07:11:51 UTC 2026
Last update: Mon Aug 10 09:07:33 UTC 2026
Last update: Mon Aug 10 10:58:20 UTC 2026
Last update: Mon Aug 10 12:45:41 UTC 2026
Last update: Mon Aug 10 14:50:19 UTC 2026
Last update: Mon Aug 10 16:42:58 UTC 2026
Last update: Mon Aug 10 18:42:37 UTC 2026
Last update: Mon Aug 10 20:31:51 UTC 2026
Last update: Mon Aug 10 22:26:50 UTC 2026
Last update: Tue Aug 11 01:00:57 UTC 2026
Last update: Tue Aug 11 03:26:09 UTC 2026
Last update: Tue Aug 11 04:57:54 UTC 2026
Last update: Tue Aug 11 06:49:11 UTC 2026
Last update: Tue Aug 11 08:43:34 UTC 2026
Last update: Tue Aug 11 10:41:34 UTC 2026
Last update: Tue Aug 11 12:42:02 UTC 2026
Last update: Tue Aug 11 14:50:11 UTC 2026
Last update: Tue Aug 11 16:47:41 UTC 2026
Last update: Tue Aug 11 18:47:46 UTC 2026
Last update: Tue Aug 11 20:34:32 UTC 2026
Last update: Tue Aug 11 22:31:53 UTC 2026
Last update: Wed Aug 12 01:07:33 UTC 2026
Last update: Wed Aug 12 03:56:17 UTC 2026
Last update: Wed Aug 12 05:26:31 UTC 2026
Last update: Wed Aug 12 07:09:09 UTC 2026
Last update: Wed Aug 12 09:02:03 UTC 2026
Last update: Wed Aug 12 10:52:04 UTC 2026
Last update: Wed Aug 12 12:45:30 UTC 2026
Last update: Wed Aug 12 14:49:29 UTC 2026
Last update: Wed Aug 12 16:46:29 UTC 2026
Last update: Wed Aug 12 18:48:55 UTC 2026
Last update: Wed Aug 12 20:33:01 UTC 2026
Last update: Wed Aug 12 22:30:15 UTC 2026
Last update: Thu Aug 13 01:09:20 UTC 2026
Last update: Thu Aug 13 04:00:45 UTC 2026
Last update: Thu Aug 13 07:13:14 UTC 2026
Last update: Thu Aug 13 09:02:57 UTC 2026
Last update: Thu Aug 13 10:53:20 UTC 2026
Last update: Thu Aug 13 12:46:51 UTC 2026
Last update: Thu Aug 13 14:49:54 UTC 2026
Last update: Thu Aug 13 16:45:08 UTC 2026
Last update: Thu Aug 13 18:49:34 UTC 2026
Last update: Thu Aug 13 20:31:12 UTC 2026
Last update: Thu Aug 13 22:31:18 UTC 2026
Last update: Fri Aug 14 01:07:44 UTC 2026
Last update: Fri Aug 14 03:56:43 UTC 2026
Last update: Fri Aug 14 05:27:39 UTC 2026
Last update: Fri Aug 14 07:09:37 UTC 2026
Last update: Fri Aug 14 08:58:40 UTC 2026
Last update: Fri Aug 14 10:49:22 UTC 2026
Last update: Fri Aug 14 12:42:22 UTC 2026
Last update: Fri Aug 14 14:43:52 UTC 2026
Last update: Fri Aug 14 16:40:42 UTC 2026
Last update: Fri Aug 14 18:40:43 UTC 2026
Last update: Fri Aug 14 20:21:54 UTC 2026
Last update: Fri Aug 14 22:12:52 UTC 2026
Last update: Sat Aug 15 00:41:19 UTC 2026
Last update: Sat Aug 15 02:43:49 UTC 2026
Last update: Sat Aug 15 04:20:12 UTC 2026
Last update: Sat Aug 15 06:20:55 UTC 2026
Last update: Sat Aug 15 08:16:13 UTC 2026
Last update: Sat Aug 15 10:13:01 UTC 2026
Last update: Sat Aug 15 12:18:25 UTC 2026
Last update: Sat Aug 15 14:12:51 UTC 2026
Last update: Sat Aug 15 16:12:50 UTC 2026
Last update: Sat Aug 15 18:14:56 UTC 2026
Last update: Sat Aug 15 20:11:50 UTC 2026
Last update: Sat Aug 15 22:11:06 UTC 2026
Last update: Sun Aug 16 00:43:06 UTC 2026
Last update: Sun Aug 16 02:51:53 UTC 2026
Last update: Sun Aug 16 04:25:46 UTC 2026
Last update: Sun Aug 16 06:23:00 UTC 2026
Last update: Sun Aug 16 08:17:07 UTC 2026
Last update: Sun Aug 16 10:13:54 UTC 2026
Last update: Sun Aug 16 12:19:23 UTC 2026
Last update: Sun Aug 16 14:13:16 UTC 2026
Last update: Sun Aug 16 16:13:15 UTC 2026
Last update: Sun Aug 16 18:14:55 UTC 2026
Last update: Sun Aug 16 20:11:16 UTC 2026
Last update: Sun Aug 16 22:11:21 UTC 2026
Last update: Mon Aug 17 00:41:35 UTC 2026
Last update: Mon Aug 17 02:52:02 UTC 2026
Last update: Mon Aug 17 04:31:59 UTC 2026
Last update: Mon Aug 17 06:34:34 UTC 2026
Last update: Mon Aug 17 08:31:47 UTC 2026
Last update: Mon Aug 17 10:22:03 UTC 2026
Last update: Mon Aug 17 12:23:12 UTC 2026
Last update: Mon Aug 17 14:17:55 UTC 2026
Last update: Mon Aug 17 16:15:48 UTC 2026
Last update: Mon Aug 17 18:24:08 UTC 2026
Last update: Mon Aug 17 20:15:32 UTC 2026
Last update: Mon Aug 17 22:14:14 UTC 2026
Last update: Tue Aug 18 00:41:10 UTC 2026
Last update: Tue Aug 18 02:47:33 UTC 2026
Last update: Tue Aug 18 04:25:25 UTC 2026
Last update: Tue Aug 18 06:26:08 UTC 2026
Last update: Tue Aug 18 08:24:00 UTC 2026
Last update: Tue Aug 18 10:18:24 UTC 2026
Last update: Tue Aug 18 12:25:22 UTC 2026
Last update: Tue Aug 18 14:22:44 UTC 2026
Last update: Tue Aug 18 16:20:11 UTC 2026
Last update: Tue Aug 18 18:23:03 UTC 2026
Last update: Tue Aug 18 20:12:24 UTC 2026
Last update: Tue Aug 18 22:12:25 UTC 2026
Last update: Wed Aug 19 00:40:59 UTC 2026
Last update: Wed Aug 19 02:49:27 UTC 2026
Last update: Wed Aug 19 04:27:36 UTC 2026
Last update: Wed Aug 19 06:26:44 UTC 2026
Last update: Wed Aug 19 08:24:52 UTC 2026
Last update: Wed Aug 19 10:18:38 UTC 2026
Last update: Wed Aug 19 12:25:21 UTC 2026
Last update: Wed Aug 19 14:23:00 UTC 2026
Last update: Wed Aug 19 16:19:43 UTC 2026
Last update: Wed Aug 19 18:19:28 UTC 2026
Last update: Wed Aug 19 20:16:07 UTC 2026
Last update: Wed Aug 19 22:14:27 UTC 2026
Last update: Thu Aug 20 00:40:56 UTC 2026
Last update: Thu Aug 20 02:48:48 UTC 2026
Last update: Thu Aug 20 04:26:59 UTC 2026
Last update: Thu Aug 20 06:28:33 UTC 2026
Last update: Thu Aug 20 08:26:15 UTC 2026
Last update: Thu Aug 20 10:19:55 UTC 2026
Last update: Thu Aug 20 12:27:21 UTC 2026
Last update: Thu Aug 20 14:25:21 UTC 2026
Last update: Thu Aug 20 16:22:56 UTC 2026
Last update: Thu Aug 20 18:23:52 UTC 2026
Last update: Thu Aug 20 20:17:53 UTC 2026
Last update: Thu Aug 20 22:16:30 UTC 2026
Last update: Fri Aug 21 00:43:56 UTC 2026
Last update: Fri Aug 21 02:54:29 UTC 2026
Last update: Fri Aug 21 04:28:23 UTC 2026
Last update: Fri Aug 21 06:29:29 UTC 2026
Last update: Fri Aug 21 08:27:54 UTC 2026
Last update: Fri Aug 21 10:20:01 UTC 2026
Last update: Fri Aug 21 12:27:06 UTC 2026
Last update: Fri Aug 21 14:24:40 UTC 2026
Last update: Fri Aug 21 16:21:04 UTC 2026
Last update: Fri Aug 21 18:22:43 UTC 2026
Last update: Fri Aug 21 20:14:46 UTC 2026
Last update: Fri Aug 21 22:13:40 UTC 2026
Last update: Sat Aug 22 00:41:03 UTC 2026
Last update: Sat Aug 22 02:46:28 UTC 2026
Last update: Sat Aug 22 04:22:47 UTC 2026
Last update: Sat Aug 22 06:22:44 UTC 2026
Last update: Sat Aug 22 08:17:40 UTC 2026
Last update: Sat Aug 22 10:13:14 UTC 2026
Last update: Sat Aug 22 12:19:51 UTC 2026
Last update: Sat Aug 22 14:11:49 UTC 2026
Last update: Sat Aug 22 16:12:41 UTC 2026
Last update: Sat Aug 22 18:15:27 UTC 2026
Last update: Sat Aug 22 20:12:06 UTC 2026
Last update: Sat Aug 22 22:11:47 UTC 2026
Last update: Sun Aug 23 00:44:35 UTC 2026
Last update: Sun Aug 23 02:54:25 UTC 2026
Last update: Sun Aug 23 04:27:36 UTC 2026
Last update: Sun Aug 23 06:24:21 UTC 2026
Last update: Sun Aug 23 08:18:46 UTC 2026
Last update: Sun Aug 23 10:13:42 UTC 2026
Last update: Sun Aug 23 12:20:16 UTC 2026
Last update: Sun Aug 23 14:13:39 UTC 2026
Last update: Sun Aug 23 16:14:07 UTC 2026
Last update: Sun Aug 23 18:15:32 UTC 2026
Last update: Sun Aug 23 20:11:30 UTC 2026
Last update: Sun Aug 23 22:11:28 UTC 2026
Last update: Mon Aug 24 00:42:48 UTC 2026
Last update: Mon Aug 24 02:55:16 UTC 2026
Last update: Mon Aug 24 04:35:31 UTC 2026
Last update: Mon Aug 24 06:37:22 UTC 2026
Last update: Mon Aug 24 08:36:31 UTC 2026
Last update: Mon Aug 24 10:28:19 UTC 2026
Last update: Mon Aug 24 12:28:09 UTC 2026
Last update: Mon Aug 24 14:32:06 UTC 2026
Last update: Mon Aug 24 16:24:19 UTC 2026
Last update: Mon Aug 24 18:26:06 UTC 2026
Last update: Mon Aug 24 20:18:54 UTC 2026
Last update: Mon Aug 24 22:15:40 UTC 2026
Last update: Tue Aug 25 00:42:12 UTC 2026
Last update: Tue Aug 25 02:50:44 UTC 2026
Last update: Tue Aug 25 04:29:35 UTC 2026
Last update: Tue Aug 25 06:29:23 UTC 2026
Last update: Tue Aug 25 08:30:51 UTC 2026
Last update: Tue Aug 25 10:21:46 UTC 2026
Last update: Tue Aug 25 12:28:20 UTC 2026
Last update: Tue Aug 25 14:34:53 UTC 2026
Last update: Tue Aug 25 16:24:47 UTC 2026
Last update: Tue Aug 25 18:24:48 UTC 2026
Last update: Tue Aug 25 20:17:42 UTC 2026
Last update: Tue Aug 25 22:16:22 UTC 2026
Last update: Wed Aug 26 00:43:06 UTC 2026
Last update: Wed Aug 26 02:56:40 UTC 2026
Last update: Wed Aug 26 04:30:18 UTC 2026
Last update: Wed Aug 26 06:31:27 UTC 2026
Last update: Wed Aug 26 08:31:27 UTC 2026
Last update: Wed Aug 26 10:24:32 UTC 2026
Last update: Wed Aug 26 12:31:35 UTC 2026
Last update: Wed Aug 26 14:35:02 UTC 2026
Last update: Wed Aug 26 16:41:17 UTC 2026
Last update: Wed Aug 26 19:38:18 UTC 2026
Last update: Wed Aug 26 22:35:47 UTC 2026
Last update: Thu Aug 27 05:51:29 UTC 2026
Last update: Thu Aug 27 17:07:09 UTC 2026
Last update: Fri Aug 28 01:55:11 UTC 2026
Last update: Fri Aug 28 13:34:50 UTC 2026
Last update: Fri Aug 28 23:18:13 UTC 2026
Last update: Sat Aug 29 04:51:28 UTC 2026
Last update: Sat Aug 29 11:58:47 UTC 2026
Last update: Sat Aug 29 16:19:06 UTC 2026
Last update: Sat Aug 29 20:11:06 UTC 2026
Last update: Sat Aug 29 23:43:30 UTC 2026
Last update: Sun Aug 30 02:32:59 UTC 2026
Last update: Sun Aug 30 09:35:01 UTC 2026
Last update: Sun Aug 30 14:34:36 UTC 2026
Last update: Sun Aug 30 18:56:25 UTC 2026
Last update: Sun Aug 30 22:14:23 UTC 2026
Last update: Mon Aug 31 02:26:49 UTC 2026
Last update: Mon Aug 31 10:16:20 UTC 2026
Last update: Mon Aug 31 18:27:38 UTC 2026
Last update: Mon Aug 31 23:30:15 UTC 2026
Last update: Tue Sep  1 02:42:34 UTC 2026
Last update: Tue Sep  1 09:00:41 UTC 2026
Last update: Tue Sep  1 14:24:04 UTC 2026
Last update: Tue Sep  1 19:00:44 UTC 2026
Last update: Tue Sep  1 22:11:53 UTC 2026
Last update: Wed Sep  2 02:03:34 UTC 2026
